[backblue.gif]
[fade.gif]
[index.html]
[conf.agile-france.org/images/xpday_front_banner.png]
[conf.agile-france.org/images/logo_230x104.png]
[conf.agile-france.org/images/chalet288x128.png]
[conf.agile-france.org/images/xpfrance.png]
[conf.agile-france.org/images/pyxis.png]
[conf.agile-france.org/images/zenika.png]
[conf.agile-france.org/images/operae.png]
[conf.agile-france.org/images/hortis2.png]
[conf.agile-france.org/images/valtech.png]
[conf.agile-france.org/images/xebia2.png]
[conf.agile-france.org/images/prologism2.png]
[conf.agile-france.org/images/agilealliance.png]
[conf.agile-france.org/images/bkconsulting.png]
[conf.agile-france.org/images/fastconnect.png]
[conf.agile-france.org/images/sfeir2.png]
[conf.agile-france.org/images/microsoft.png]
[www.solutions-logiciels.com/img/logo.jpg]
[www.programmez.com/img/logo.jpg]
[conf.agile-france.org/images/skillsmatter.png]
[conf.agile-france.org/images/orange.png]
[conf.agile-france.org/index.html]
[conf.agile-france.org/front_page.html]
[conf.agile-france.org/images/xpday_logo.png]
[conf.agile-france.org/inscriptions-et-tarif.html]
[conf.agile-france.org/programme.html]
[conf.agile-france.org/images/bouton_sponsor_form.png]
[conf.agile-france.org/images/xpdayMotto.png]
[conf.agile-france.org/images/sponsor_pub.png]
[conf.agile-france.org/sponsoring.html]
[conf.agile-france.org/images/chalet.PNG]
[conf.agile-france.org/images/chaletThumbnail.PNG]
[conf.agile-france.org/images/dehors.png]
[conf.agile-france.org/images/dehorsThumbnail.png]
[conf.agile-france.org/images/lac.PNG]
[conf.agile-france.org/images/lacThumbnail.PNG]
[conf.agile-france.org/images/metsFins.png]
[conf.agile-france.org/images/verrinesThumbnail.png]
[conf.agile-france.org/images/dinnerFermette.PNG]
[conf.agile-france.org/images/dinnerFermetteThumbnail.PNG]
[conf.agile-france.org/images/confRoom.PNG]
[conf.agile-france.org/images/confRoomThumbnail.PNG]
[conf.agile-france.org/lieu-et-acces.html]
[conf.agile-france.org/temoignages.html]
[conf.agile-france.org/images/xpdayfr08_1.jpg]
[conf.agile-france.org/images/xpdayfr08_2.jpg]
[conf.agile-france.org/images/xpdayfr08_3.jpg]
[conf.agile-france.org/images/xpdayfr08_4.jpg]
[conf.agile-france.org/images/xpdayfr08_5.jpg]
[conf.agile-france.org/images/xpdayfr08_6.jpg]
[conf.agile-france.org/images/xpdayfr08_7.jpg]
[conf.agile-france.org/images/xpdayfr08_8.jpg]
[conf.agile-france.org/images/xpdayfr08_9.jpg]
[conf.agile-france.org/images/xpdayfr08_10.jpg]
[conf.agile-france.org/images/xpdayfr08_11.jpg]
[conf.agile-france.org/images/xpdayfr08_12.jpg]
[conf.agile-france.org/images/xpdayfr08_13.jpg]
[conf.agile-france.org/images/xpdayfr08_14.jpg]
[conf.agile-france.org/images/xpdayfr08_15.jpg]
[conf.agile-france.org/images/xpdayfr08_16.jpg]
[conf.agile-france.org/images/xpdayfr08_17.jpg]
[conf.agile-france.org/images/xpdayfr08_18.jpg]
[conf.agile-france.org/images/xpdayfr08_19.jpg]
[conf.agile-france.org/images/xpdayfr08_20.jpg]
[conf.agile-france.org/images/xpdayfr08_21.jpg]
[conf.agile-france.org/images/programme_magnified.png]
[conf.agile-france.org/images/xpday2007_1.jpg]
[conf.agile-france.org/images/xpday2007_2.jpg]
[conf.agile-france.org/images/xpday2007_3.jpg]
[conf.agile-france.org/images/xpday2007_4.jpg]
[conf.agile-france.org/images/xpday2007_5.jpg]
[conf.agile-france.org/images/xpday2007_6.jpg]
[conf.agile-france.org/images/xpday2007_7.jpg]
[conf.agile-france.org/images/xpday2007_8.jpg]
[conf.agile-france.org/images/xpday2007_9.jpg]
[conf.agile-france.org/images/xpday2007_10.jpg]
[conf.agile-france.org/images/xpday2007_11.jpg]
[conf.agile-france.org/images/xpday2007_12.jpg]
[conf.agile-france.org/images/xpday2007_13.jpg]
[conf.agile-france.org/images/xpday2007_14.jpg]
[conf.agile-france.org/images/xpday2007_15.jpg]
[conf.agile-france.org/images/xpday2007_16.jpg]
[conf.agile-france.org/images/xpday2007_17.jpg]
[conf.agile-france.org/images/xpday2007_19.jpg]
[conf.agile-france.org/images/xpday2007_20.jpg]
[conf.agile-france.org/conferences-precedentes.html]
[conf.agile-france.org/images/session_submission_button.png]
[conf.agile-france.org/appel-a-orateurs.html]
[conf.agile-france.org/inscriptions-closes.html]
[conf.agile-france.org/user/loginf01d.html]
[conf.agile-france.org/user/registerf01d.html]
[conf.agile-france.org/temoignages2679.html]
[conf.agile-france.org/temoignages4658.html]
[conf.agile-france.org/temoignages9ba9.html]
[conf.agile-france.org/2008_programme.html]
[conf.agile-france.org/2007_programme.html]
[conf.agile-france.org/images/xpday2007_18.html]
[conf.agile-france.org/formulaire-session.html]
[conf.agile-france.org/user/register.html]
[conf.agile-france.org/user.html]
[conf.agile-france.org/user/password.html]
[conf.agile-france.org/user/images/xpfrance.html]
[conf.agile-france.org/user/images/pyxis.html]
[conf.agile-france.org/user/images/zenika.html]
[conf.agile-france.org/user/images/hortis2.html]
[conf.agile-france.org/user/images/operae.html]
[conf.agile-france.org/user/images/xebia2.html]
[conf.agile-france.org/user/images/valtech.html]
[conf.agile-france.org/user/images/prologism2.html]
[conf.agile-france.org/user/images/agilealliance.html]
[conf.agile-france.org/user/images/bkconsulting.html]
[conf.agile-france.org/user/images/fastconnect.html]
[conf.agile-france.org/user/images/sfeir2.html]
[conf.agile-france.org/user/images/microsoft.html]
[conf.agile-france.org/user/images/skillsmatter.html]
[conf.agile-france.org/user/sponsoring.html]
[conf.agile-france.org/user/images/orange.html]
[conf.agile-france.org/index4d7f.html]
